// Jest Snapshot v1, https://goo.gl/fbAQLP

exports[`TK renders correctly 1`] = `
<div
  className="bonga"
>
  <pre>
    <p>
      <b>
        You:
      </b>
       Hey, what's with the 
      <b>
        .tk domain
      </b>
      ?
    </p>
    <p>
      <b>
        Me:
      </b>
       I'm glad you asked. Head over to
      <a
        href="https://techkenyans.tk/"
        target="_blank"
      >
        <img
          src="/tk.png"
        />
      </a>
      to find out!
    </p>
  </pre>
</div>
`;
